// Jest Snapshot v1, https://goo.gl/fbAQLP

exports[`Should render correctly AddExpensePage 1`] = `
<div>
  <p>
    Add expense page
  </p>
  <ExpenseForm
    onSubmit={[Function]}
  />
</div>
`;
