// Jest Snapshot v1, https://goo.gl/fbAQLP

exports[`Should render header correctly 1`] = `
<header>
  <h1>
    Expensify
  </h1>
  <NavLink
    activeClassName="active"
    aria-current="page"
    exact={true}
    to="/"
  >
    HOME
  </NavLink>
  <NavLink
    activeClassName="active"
    aria-current="page"
    to="/add"
  >
    ADD EXPENCE
  </NavLink>
  <NavLink
    activeClassName="active"
    aria-current="page"
    to="/help"
  >
    HELP
  </NavLink>
</header>
`;
